Nothing to build in platform 'design_1_wrapper'

11:42:53 **** Incremental Build of configuration Debug for project lab1_vitis ****
make all 
make --no-print-directory pre-build
a9-linaro-pre-build-step
' '
make --no-print-directory main-build
'Building file: ../src/NESCore_Callback.c'
'Invoking: ARM v7 gcc compiler'
arm-none-eabi-gcc -Wall -O0 -g3 -IC:/Users/buenting/cpre4880/labs/mp-0/design_1_wrapper/export/design_1_wrapper/sw/design_1_wrapper/domain_ps7_cortexa9_0/bspinclude/include -I"C:\Users\buenting\cpre4880\labs\mp-0\lab1_vitis\src\xilsd" -I"C:\Users\buenting\cpre4880\labs\mp-0\lab1_vitis\src" -I"C:\Users\buenting\cpre4880\labs\mp-0\lab1_vitis\src\NESCore" -c -fmessage-length=0 -MT"src/NESCore_Callback.o" -mcpu=cortex-a9 -mfpu=vfpv3 -mfloat-abi=hard -MMD -MP -MF"src/NESCore_Callback.d" -MT"src/NESCore_Callback.o" -o "src/NESCore_Callback.o" "../src/NESCore_Callback.c"
'Finished building: ../src/NESCore_Callback.c'
' '
'Building target: lab1_vitis.elf'
'Invoking: ARM v7 gcc linker'
arm-none-eabi-gcc -mcpu=cortex-a9 -mfpu=vfpv3 -mfloat-abi=hard -Wl,-build-id=none -specs=Xilinx.spec -Wl,-T -Wl,../src/lscript.ld -LC:/Users/buenting/cpre4880/labs/mp-0/design_1_wrapper/export/design_1_wrapper/sw/design_1_wrapper/domain_ps7_cortexa9_0/bsplib/lib -o "lab1_vitis.elf"  ./src/xilsd/ff.o ./src/xilsd/mmc.o ./src/xilsd/xilsd.o  ./src/NESCore/M6502.o ./src/NESCore/NESCore.o ./src/NESCore/NESCore_Mapper.o ./src/NESCore/NESCore_pAPU.o  ./src/NESCore_Callback.o ./src/bmp_misc.o ./src/cyclone_checker.o ./src/helloworld.o ./src/nes_bootloader.o ./src/platform.o ./src/utils.o ./src/vga_test.o ./src/wav_misc.o  ./.metadata/.plugins/org.eclipse.cdt.make.core/specs.o   -Wl,--start-group,-lxil,-lgcc,-lc,--end-group
'Finished building target: lab1_vitis.elf'
' '
'Invoking: ARM v7 Print Size'
arm-none-eabi-size lab1_vitis.elf  |tee "lab1_vitis.elf.size"
   text	   data	    bss	    dec	    hex	filename
 480275	   4676	1989552	2474503	 25c207	lab1_vitis.elf
'Finished building: lab1_vitis.elf.size'
' '
