10:47:57 **** Incremental Build of configuration Debug for project lab1_vitis ****
make all 
make --no-print-directory pre-build
a9-linaro-pre-build-step
' '
make --no-print-directory main-build
'Building file: ../src/vga_test.c'
'Invoking: ARM v7 gcc compiler'
arm-none-eabi-gcc -Wall -O0 -g3 -c -fmessage-length=0 -MT"src/vga_test.o" -mcpu=cortex-a9 -mfpu=vfpv3 -mfloat-abi=hard -IC:/Users/buenting/cpre4880/labs/mp-0/design_1_wrapper/export/design_1_wrapper/sw/design_1_wrapper/domain_ps7_cortexa9_0/bspinclude/include -MMD -MP -MF"src/vga_test.d" -MT"src/vga_test.o" -o "src/vga_test.o" "../src/vga_test.c"
../src/vga_test.c: In function 'main':
../src/vga_test.c:76:17: warning: format '%X' expects argument of type 'unsigned int', but argument 2 has type 'u32' {aka 'long unsigned int'} [-Wformat=]
   76 |     printf("%#08X\r\n", image_address);
      |             ~~~~^       ~~~~~~~~~~~~~
      |                 |       |
      |                 |       u32 {aka long unsigned int}
      |                 unsigned int
      |             %#08lX
../src/vga_test.c:77:17: warning: format '%X' expects argument of type 'unsigned int', but argument 2 has type 'long unsigned int' [-Wformat=]
   77 |     printf("%#08X\r\n", image_address + 4);
      |             ~~~~^       ~~~~~~~~~~~~~~~~~
      |                 |                     |
      |                 unsigned int          long unsigned int
      |             %#08lX
../src/vga_test.c:78:17: warning: format '%X' expects argument of type 'unsigned int', but argument 2 has type 'long unsigned int' [-Wformat=]
   78 |     printf("%#08X\r\n", image_address + 8);
      |             ~~~~^       ~~~~~~~~~~~~~~~~~
      |                 |                     |
      |                 unsigned int          long unsigned int
      |             %#08lX
'Finished building: ../src/vga_test.c'
' '
'Building target: lab1_vitis.elf'
'Invoking: ARM v7 gcc linker'
arm-none-eabi-gcc -mcpu=cortex-a9 -mfpu=vfpv3 -mfloat-abi=hard -Wl,-build-id=none -specs=Xilinx.spec -Wl,-T -Wl,../src/lscript.ld -LC:/Users/buenting/cpre4880/labs/mp-0/design_1_wrapper/export/design_1_wrapper/sw/design_1_wrapper/domain_ps7_cortexa9_0/bsplib/lib -o "lab1_vitis.elf"  ./src/helloworld.o ./src/platform.o ./src/vga_test.o  ./.metadata/.plugins/org.eclipse.cdt.make.core/specs.o   -Wl,--start-group,-lxil,-lgcc,-lc,--end-group
'Finished building target: lab1_vitis.elf'
' '
'Invoking: ARM v7 Print Size'
arm-none-eabi-size lab1_vitis.elf  |tee "lab1_vitis.elf.size"
   text	   data	    bss	    dec	    hex	filename
  55291	   2556	 637040	 694887	  a9a67	lab1_vitis.elf
'Finished building: lab1_vitis.elf.size'
' '

10:47:58 Build Finished (took 683ms)

